[    0.000000] Initializing cgroup subsys cpuset
[    0.000000] Initializing cgroup subsys cpu
[    0.000000] Initializing cgroup subsys cpuacct
[    0.000000] Linux version 4.4.0-210-generic (buildd@lgw01-amd64-009) (gcc version 5.4.0 20160609 (Ubuntu 5.4.0-6ubuntu1~16.04.12) ) #242-Ubuntu SMP Fri Apr 16 09:57:56 UTC 2021 (Ubuntu 4.4.0-210.242-generic 4.4.262)
[    0.000000] Command line: BOOT_IMAGE=/boot/vmlinuz-4.4.0-210-generic root=LABEL=cloudimg-rootfs ro console=tty1 console=ttyS0
[    0.000000] KERNEL supported cpus:
[    0.000000]   Intel GenuineIntel
[    0.000000]   AMD AuthenticAMD
[    0.000000]   Centaur CentaurHauls
[    0.000000] x86/fpu: xstate_offset[2]:  576, xstate_sizes[2]:  256
[    0.000000] x86/fpu: Supporting XSAVE feature 0x01: 'x87 floating point registers'
[    0.000000] x86/fpu: Supporting XSAVE feature 0x02: 'SSE registers'
[    0.000000] x86/fpu: Supporting XSAVE feature 0x04: 'AVX registers'
[    0.000000] x86/fpu: Enabled xstate features 0x7, context size is 832 bytes, using 'standard' format.
[    0.000000] e820: BIOS-provided physical RAM map:
[    0.000000] BIOS-e820: [mem 0x0000000000000000-0x000000000009fbff] usable
[    0.000000] BIOS-e820: [mem 0x000000000009fc00-0x000000000009ffff] reserved
[    0.000000] BIOS-e820: [mem 0x00000000000f0000-0x00000000000fffff] reserved
[    0.000000] BIOS-e820: [mem 0x0000000000100000-0x00000000dffeffff] usable
[    0.000000] BIOS-e820: [mem 0x00000000dfff0000-0x00000000dfffffff] ACPI data
[    0.000000] BIOS-e820: [mem 0x00000000fec00000-0x00000000fec00fff] reserved
[    0.000000] BIOS-e820: [mem 0x00000000fee00000-0x00000000fee00fff] reserved
[    0.000000] BIOS-e820: [mem 0x00000000fffc0000-0x00000000ffffffff] reserved
[    0.000000] BIOS-e820: [mem 0x0000000100000000-0x000000011d7fffff] usable
[    0.000000] NX (Execute Disable) protection: active
[    0.000000] SMBIOS 2.5 present.
[    0.000000] Hypervisor detected: KVM
[    0.000000] e820: last_pfn = 0x11d800 max_arch_pfn = 0x400000000
[    0.000000] MTRR: Disabled
[    0.000000] x86/PAT: MTRRs disabled, skipping PAT initialization too.
[    0.000000] CPU MTRRs all blank - virtualized system.
[    0.000000] x86/PAT: Configuration [0-7]: WB  WT  UC- UC  WB  WT  UC- UC  
[    0.000000] e820: last_pfn = 0xdfff0 max_arch_pfn = 0x400000000
[    0.000000] found SMP MP-table at [mem 0x0009fff0-0x0009ffff] mapped at [ffff88000009fff0]
[    0.000000] Scanning 1 areas for low memory corruption
[    0.000000] RAMDISK: [mem 0x362dc000-0x37165fff]
[    0.000000] ACPI: Early table checksum verification disabled
[    0.000000] ACPI: RSDP 0x00000000000E0000 000024 (v02 VBOX  )
[    0.000000] ACPI: XSDT 0x00000000DFFF0030 00003C (v01 VBOX   VBOXXSDT 00000001 ASL  00000061)
[    0.000000] ACPI: FACP 0x00000000DFFF00F0 0000F4 (v04 VBOX   VBOXFACP 00000001 ASL  00000061)
[    0.000000] ACPI: DSDT 0x00000000DFFF0610 002353 (v02 VBOX   VBOXBIOS 00000002 INTL 20241212)
[    0.000000] ACPI: FACS 0x00000000DFFF0200 000040
[    0.000000] ACPI: FACS 0x00000000DFFF0200 000040
[    0.000000] ACPI: APIC 0x00000000DFFF0240 00005C (v02 VBOX   VBOXAPIC 00000001 ASL  00000061)
[    0.000000] ACPI: SSDT 0x00000000DFFF02A0 00036C (v01 VBOX   VBOXCPUT 00000002 INTL 20241212)
[    0.000000] No NUMA configuration found
[    0.000000] Faking a node at [mem 0x0000000000000000-0x000000011d7fffff]
[    0.000000] NODE_DATA(0) allocated [mem 0x11d7f9000-0x11d7fdfff]
[    0.000000] kvm-clock: Using msrs 4b564d01 and 4b564d00
[    0.000000] kvm-clock: cpu 0, msr 1:1d7f1001, primary cpu clock
[    0.000000] kvm-clock: using sched offset of 3496739131 cycles
[    0.000000] clocksource: kvm-clock: mask: 0xffffffffffffffff max_cycles: 0x1cd42e4dffb, max_idle_ns: 881590591483 ns
[    0.000000] Zone ranges:
[    0.000000]   DMA      [mem 0x0000000000001000-0x0000000000ffffff]
[    0.000000]   DMA32    [mem 0x0000000001000000-0x00000000ffffffff]
[    0.000000]   Normal   [mem 0x0000000100000000-0x000000011d7fffff]
[    0.000000]   Device   empty
[    0.000000] Movable zone start for each node
[    0.000000] Early memory node ranges
[    0.000000]   node   0: [mem 0x0000000000001000-0x000000000009efff]
[    0.000000]   node   0: [mem 0x0000000000100000-0x00000000dffeffff]
[    0.000000]   node   0: [mem 0x0000000100000000-0x000000011d7fffff]
[    0.000000] Initmem setup node 0 [mem 0x0000000000001000-0x000000011d7fffff]
[    0.000000] ACPI: PM-Timer IO Port: 0x4008
[    0.000000] IOAPIC[0]: apic_id 2, version 32, address 0xfec00000, GSI 0-23
[    0.000000] ACPI: INT_SRC_OVR (bus 0 bus_irq 0 global_irq 2 dfl dfl)
[    0.000000] ACPI: INT_SRC_OVR (bus 0 bus_irq 9 global_irq 9 low level)
[    0.000000] Using ACPI (MADT) for SMP configuration information
[    0.000000] smpboot: Allowing 2 CPUs, 0 hotplug CPUs
[    0.000000] PM: Registered nosave memory: [mem 0x00000000-0x00000fff]
[    0.000000] PM: Registered nosave memory: [mem 0x0009f000-0x0009ffff]
[    0.000000] PM: Registered nosave memory: [mem 0x000a0000-0x000effff]
[    0.000000] PM: Registered nosave memory: [mem 0x000f0000-0x000fffff]
[    0.000000] PM: Registered nosave memory: [mem 0xdfff0000-0xdfffffff]
[    0.000000] PM: Registered nosave memory: [mem 0xe0000000-0xfebfffff]
[    0.000000] PM: Registered nosave memory: [mem 0xfec00000-0xfec00fff]
[    0.000000] PM: Registered nosave memory: [mem 0xfec01000-0xfedfffff]
[    0.000000] PM: Registered nosave memory: [mem 0xfee00000-0xfee00fff]
[    0.000000] PM: Registered nosave memory: [mem 0xfee01000-0xfffbffff]
[    0.000000] PM: Registered nosave memory: [mem 0xfffc0000-0xffffffff]
[    0.000000] e820: [mem 0xe0000000-0xfebfffff] available for PCI devices
[    0.000000] Booting paravirtualized kernel on KVM
[    0.000000] clocksource: refined-jiffies: mask: 0xffffffff max_cycles: 0xffffffff, max_idle_ns: 7645519600211568 ns
[    0.000000] setup_percpu: NR_CPUS:512 nr_cpumask_bits:512 nr_cpu_ids:2 nr_node_ids:1
[    0.000000] PERCPU: Embedded 33 pages/cpu @ffff88011d400000 s95192 r8192 d31784 u1048576
[    0.000000] Built 1 zonelists in Node order, mobility grouping on.  Total pages: 1021976
[    0.000000] Policy zone: Normal
[    0.000000] Kernel command line: BOOT_IMAGE=/boot/vmlinuz-4.4.0-210-generic root=LABEL=cloudimg-rootfs ro console=tty1 console=ttyS0
[    0.000000] PID hash table entries: 4096 (order: 3, 32768 bytes)
[    0.000000] Memory: 3987352K/4152888K available (8644K kernel code, 1332K rwdata, 4044K rodata, 1492K init, 1164K bss, 165536K reserved, 0K cma-reserved)
[    0.000000] SLUB: HWalign=64, Order=0-3, MinObjects=0, CPUs=2, Nodes=1
[    0.000000] Kernel/User page tables isolation: enabled
[    0.000000] Hierarchical RCU implementation.
[    0.000000] 	Build-time adjustment of leaf fanout to 64.
[    0.000000] 	RCU restricting CPUs from NR_CPUS=512 to nr_cpu_ids=2.
[    0.000000] RCU: Adjusting geometry for rcu_fanout_leaf=64, nr_cpu_ids=2
[    0.000000] NR_IRQS:33024 nr_irqs:440 16
[    0.000000] Console: colour VGA+ 80x25
[    0.000000] console [tty1] enabled
[    0.000000] console [ttyS0] enabled
[    0.000000] tsc: Detected 2793.528 MHz processor
[    0.559678] Calibrating delay loop (skipped) preset value.. 5587.05 BogoMIPS (lpj=11174112)
[    0.565882] pid_max: default: 32768 minimum: 301
[    0.567939] ACPI: Core revision 20150930
[    0.574785] ACPI: 2 ACPI AML tables successfully acquired and loaded
[    0.577716] Security Framework initialized
[    0.579350] Yama: becoming mindful.
[    0.585939] AppArmor: AppArmor initialized
[    0.596600] Dentry cache hash table entries: 524288 (order: 10, 4194304 bytes)
[    0.612437] Inode-cache hash table entries: 262144 (order: 9, 2097152 bytes)
[    0.621668] Mount-cache hash table entries: 8192 (order: 4, 65536 bytes)
[    0.636266] Mountpoint-cache hash table entries: 8192 (order: 4, 65536 bytes)
[    0.684693] Initializing cgroup subsys io
[    0.689024] Initializing cgroup subsys memory
[    0.699209] Initializing cgroup subsys devices
[    0.705391] Initializing cgroup subsys freezer
[    0.708074] Initializing cgroup subsys net_cls
[    0.710453] Initializing cgroup subsys perf_event
[    0.712457] Initializing cgroup subsys net_prio
[    0.714358] Initializing cgroup subsys hugetlb
[    0.722159] Initializing cgroup subsys pids
[    0.734029] mce: CPU supports 0 MCE banks
[    0.740183] Last level iTLB entries: 4KB 1024, 2MB 1024, 4MB 1024
[    0.745937] Last level dTLB entries: 4KB 1024, 2MB 1024, 4MB 1024, 1GB 4
[    0.752187] Spectre V1 : Mitigation: usercopy/swapgs barriers and __user pointer sanitization
[    0.756226] Spectre V2 : Mitigation: Full generic retpoline
[    0.757558] Spectre V2 : Spectre v2 / SpectreRSB mitigation: Filling RSB on context switch
[    0.765307] Speculative Store Bypass: Vulnerable
[    0.767536] SRBDS: Unknown: Dependent on hypervisor status
[    0.770010] MDS: Mitigation: Clear CPU buffers
[    0.777165] Freeing SMP alternatives memory: 36K
[    0.784218] ftrace: allocating 32380 entries in 127 pages
[    0.838712] smpboot: APIC(0) Converting physical 0 to logical package 0
[    0.840190] smpboot: Max logical packages: 1
[    0.841988] x2apic enabled
[    0.842922] Switched APIC routing to physical x2apic.
[    0.845210] ..TIMER: vector=0x30 apic1=0 pin1=2 apic2=-1 pin2=-1
[    0.956254] smpboot: CPU0: Intel(R) Core(TM) i5-4200H CPU @ 2.80GHz (family: 0x6, model: 0x3c, stepping: 0x3)
[    0.966348] Performance Events: unsupported p6 CPU model 60 no PMU driver, software events only.
[    0.984117] KVM setup paravirtual spinlock
[    0.989360] x86: Booting SMP configuration:
[    0.990350] .... node  #0, CPUs:      #1
[    0.992325] kvm-clock: cpu 1, msr 1:1d7f1041, secondary cpu clock
[    1.006597] mce: CPU supports 0 MCE banks
[    1.017353] x86: Booted up 1 node, 2 CPUs
[    1.019918] smpboot: Total of 2 processors activated (11174.11 BogoMIPS)
[    1.025703] devtmpfs: initialized
[    1.029394] evm: security.selinux
[    1.030217] evm: security.SMACK64
[    1.032695] evm: security.SMACK64EXEC
[    1.033536] evm: security.SMACK64TRANSMUTE
[    1.034568] evm: security.SMACK64MMAP
[    1.035463] evm: security.ima
[    1.036222] evm: security.capability
[    1.037415] clocksource: jiffies: mask: 0xffffffff max_cycles: 0xffffffff, max_idle_ns: 7645041785100000 ns
[    1.043645] futex hash table entries: 512 (order: 3, 32768 bytes)
[    1.053247] pinctrl core: initialized pinctrl subsystem
[    1.057114] RTC time: 10:08:40, date: 01/18/26
[    1.065071] NET: Registered protocol family 16
[    1.076516] cpuidle: using governor ladder
[    1.096637] cpuidle: using governor menu
[    1.100777] PCCT header not found.
[    1.102870] ACPI: bus type PCI registered
[    1.106719] acpiphp: ACPI Hot Plug PCI Controller Driver version: 0.5
[    1.115490] PCI: Using configuration type 1 for base access
[    1.139510] ACPI: Added _OSI(Module Device)
[    1.141161] ACPI: Added _OSI(Processor Device)
[    1.142240] ACPI: Added _OSI(3.0 _SCP Extensions)
[    1.147295] ACPI: Added _OSI(Processor Aggregator Device)
[    1.154132] ACPI: Executed 1 blocks of module-level executable AML code
[    1.160836] ACPI: Interpreter enabled
[    1.161656] ACPI: (supports S0 S5)
[    1.162447] ACPI: Using IOAPIC for interrupt routing
[    1.163943] PCI: Using host bridge windows from ACPI; if necessary, use "pci=nocrs" and report a bug
[    1.170165] ACPI: PCI Root Bridge [PCI0] (domain 0000 [bus 00-ff])
[    1.187433] acpi PNP0A03:00: _OSC: OS supports [ASPM ClockPM Segments MSI]
[    1.190352] acpi PNP0A03:00: _OSC: not requesting OS control; OS requires [ExtendedConfig ASPM ClockPM MSI]
[    1.201940] acpi PNP0A03:00: fail to add MMCONFIG information, can't access extended PCI configuration space under this bridge.
[    1.220764] PCI host bridge to bus 0000:00
[    1.229696] pci_bus 0000:00: root bus resource [io  0x0000-0x0cf7 window]
[    1.236558] pci_bus 0000:00: root bus resource [io  0x0d00-0xffff window]
[    1.239106] pci_bus 0000:00: root bus resource [mem 0x000a0000-0x000bffff window]
[    1.240747] pci_bus 0000:00: root bus resource [mem 0xe0000000-0xfdffffff window]
[    1.249715] pci_bus 0000:00: root bus resource [bus 00-ff]
[    1.253735] pci 0000:00:01.1: legacy IDE quirk: reg 0x10: [io  0x01f0-0x01f7]
[    1.256251] pci 0000:00:01.1: legacy IDE quirk: reg 0x14: [io  0x03f6]
[    1.257662] pci 0000:00:01.1: legacy IDE quirk: reg 0x18: [io  0x0170-0x0177]
[    1.259328] pci 0000:00:01.1: legacy IDE quirk: reg 0x1c: [io  0x0376]
[    1.327635] pci 0000:00:07.0: quirk: [io  0x4000-0x403f] claimed by PIIX4 ACPI
[    1.343052] pci 0000:00:07.0: quirk: [io  0x4100-0x410f] claimed by PIIX4 SMB
[    1.385748] ACPI: PCI Interrupt Link [LNKA] (IRQs 5 9 10 *11)
[    1.397223] ACPI: PCI Interrupt Link [LNKB] (IRQs 5 9 *10 11)
[    1.401618] ACPI: PCI Interrupt Link [LNKC] (IRQs 5 *9 10 11)
[    1.404167] ACPI: PCI Interrupt Link [LNKD] (IRQs 5 9 10 *11)
[    1.406876] ACPI: Enabled 2 GPEs in block 00 to 07
[    1.416905] vgaarb: setting as boot device: PCI:0000:00:02.0
[    1.421941] vgaarb: device added: PCI:0000:00:02.0,decodes=io+mem,owns=io+mem,locks=none
[    1.425970] vgaarb: loaded
[    1.427434] vgaarb: bridge control possible 0000:00:02.0
[    1.430351] SCSI subsystem initialized
[    1.432627] ACPI: bus type USB registered
[    1.434682] usbcore: registered new interface driver usbfs
[    1.437329] usbcore: registered new interface driver hub
[    1.439576] usbcore: registered new device driver usb
[    1.444973] PCI: Using ACPI for IRQ routing
[    1.446894] NetLabel: Initializing
[    1.448498] NetLabel:  domain hash size = 128
[    1.450311] NetLabel:  protocols = UNLABELED CIPSOv4
[    1.452421] NetLabel:  unlabeled traffic allowed by default
[    1.456374] amd_nb: Cannot enumerate AMD northbridges
[    1.462372] clocksource: Switched to clocksource kvm-clock
[    1.476352] AppArmor: AppArmor Filesystem Enabled
[    1.483520] pnp: PnP ACPI init
[    1.485772] pnp: PnP ACPI: found 3 devices
[    1.502156] clocksource: acpi_pm: mask: 0xffffff max_cycles: 0xffffff, max_idle_ns: 2085701024 ns
[    1.505869] NET: Registered protocol family 2
[    1.507129] TCP established hash table entries: 32768 (order: 6, 262144 bytes)
[    1.513308] TCP bind hash table entries: 32768 (order: 7, 524288 bytes)
[    1.521505] TCP: Hash tables configured (established 32768 bind 32768)
[    1.523813] UDP hash table entries: 2048 (order: 4, 65536 bytes)
[    1.526474] UDP-Lite hash table entries: 2048 (order: 4, 65536 bytes)
[    1.528903] NET: Registered protocol family 1
[    1.530657] pci 0000:00:00.0: Limiting direct PCI/PCI transfers
[    1.533063] pci 0000:00:01.0: Activating ISA DMA hang workarounds
[    1.538085] Unpacking initramfs...
[    1.825294] Freeing initrd memory: 14888K
[    1.828309] PCI-DMA: Using software bounce buffering for IO (SWIOTLB)
[    1.852898] software IO TLB: mapped [mem 0xdbff0000-0xdfff0000] (64MB)
[    1.865199] RAPL PMU detected, API unit is 2^-32 Joules, 4 fixed counters 10737418240 ms ovfl timer
[    1.869776] hw unit of domain pp0-core 2^-0 Joules
[    1.872333] hw unit of domain package 2^-0 Joules
[    1.874347] hw unit of domain dram 2^-0 Joules
[    1.886807] hw unit of domain pp1-gpu 2^-0 Joules
[    1.895521] clocksource: tsc: mask: 0xffffffffffffffff max_cycles: 0x28445ef6ee6, max_idle_ns: 440795343285 ns
[    1.901307] platform rtc_cmos: registered platform RTC device (no PNP device found)
[    1.908486] Scanning for low memory corruption every 60 seconds
[    1.928004] audit: initializing netlink subsys (disabled)
[    1.937602] audit: type=2000 audit(1768730926.394:1): initialized
[    1.940867] Initialise system trusted keyring
[    1.942654] HugeTLB registered 2 MB page size, pre-allocated 0 pages
[    1.952085] zbud: loaded
[    1.956943] VFS: Disk quotas dquot_6.6.0
[    1.965116] VFS: Dquot-cache hash table entries: 512 (order 0, 4096 bytes)
[    1.971467] squashfs: version 4.0 (2009/01/31) Phillip Lougher
[    1.979744] fuse init (API version 7.23)
[    1.983651] Key type big_key registered
[    1.986148] Allocating IMA MOK and blacklist keyrings.
[    2.000646] Key type asymmetric registered
[    2.006285] Asymmetric key parser 'x509' registered
[    2.008382] Block layer SCSI generic (bsg) driver version 0.4 loaded (major 249)
[    2.016417] io scheduler noop registered
[    2.018314] io scheduler deadline registered (default)
[    2.020855] io scheduler cfq registered
[    2.022664] pci_hotplug: PCI Hot Plug PCI Core version: 0.5
[    2.025133] pciehp: PCI Express Hot Plug Controller Driver version: 0.4
[    2.028355] ACPI: AC Adapter [AC] (on-line)
[    2.031304] input: Power Button as /devices/LNXSYSTM:00/LNXPWRBN:00/input/input0
[    2.035695] ACPI: Power Button [PWRF]
[    2.036876] input: Sleep Button as /devices/LNXSYSTM:00/LNXSLPBN:00/input/input1
[    2.042052] ACPI: Sleep Button [SLPF]
[    2.049121] GHES: HEST is not enabled!
[    2.052800] ACPI: Battery Slot [BAT0] (battery present)
[    2.064424] Serial: 8250/16550 driver, 32 ports, IRQ sharing enabled
[    2.091277] 00:02: ttyS0 at I/O 0x3f8 (irq = 4, base_baud = 115200) is a 16550A
[    2.102341] Linux agpgart interface v0.103
[    2.106974] loop: module loaded
[    2.122944] scsi host0: ata_piix
[    2.123878] scsi host1: ata_piix
[    2.124755] ata1: PATA max UDMA/33 cmd 0x1f0 ctl 0x3f6 bmdma 0xd000 irq 14
[    2.126274] ata2: PATA max UDMA/33 cmd 0x170 ctl 0x376 bmdma 0xd008 irq 15
[    2.127948] libphy: Fixed MDIO Bus: probed
[    2.129236] tun: Universal TUN/TAP device driver, 1.6
[    2.130231] tun: (C) 1999-2004 Max Krasnyansky <maxk@qualcomm.com>
[    2.132818] PPP generic driver version 2.4.2
[    2.133897] ehci_hcd: USB 2.0 'Enhanced' Host Controller (EHCI) Driver
[    2.135214] ehci-pci: EHCI PCI platform driver
[    2.136983] ehci-platform: EHCI generic platform driver
[    2.139124] ohci_hcd: USB 1.1 'Open' Host Controller (OHCI) Driver
[    2.141482] ohci-pci: OHCI PCI platform driver
[    2.144428] ohci-platform: OHCI generic platform driver
[    2.150042] uhci_hcd: USB Universal Host Controller Interface driver
[    2.153908] i8042: PNP: PS/2 Controller [PNP0303:PS2K,PNP0f03:PS2M] at 0x60,0x64 irq 1,12
[    2.159339] serio: i8042 KBD port at 0x60,0x64 irq 1
[    2.161896] serio: i8042 AUX port at 0x60,0x64 irq 12
[    2.169740] mousedev: PS/2 mouse device common for all mice
[    2.180755] rtc_cmos rtc_cmos: rtc core: registered rtc_cmos as rtc0
[    2.185039] rtc_cmos rtc_cmos: alarms up to one day, 114 bytes nvram
[    2.188501] i2c /dev entries driver
[    2.189917] input: AT Translated Set 2 keyboard as /devices/platform/i8042/serio0/input/input2
[    2.199756] device-mapper: uevent: version 1.0.3
[    2.207679] device-mapper: ioctl: 4.34.0-ioctl (2015-10-28) initialised: dm-devel@redhat.com
[    2.214769] ledtrig-cpu: registered to indicate activity on CPUs
[    2.231676] NET: Registered protocol family 10
[    2.232976] NET: Registered protocol family 17
[    2.234030] Key type dns_resolver registered
[    2.235308] registered taskstats version 1
[    2.236949] Loading compiled-in X.509 certificates
[    2.240294] Loaded X.509 cert 'Build time autogenerated kernel key: cf00e047681d67edb2720680708b7d9498083038'
[    2.245247] zswap: loaded using pool lzo/zbud
[    2.250911] Key type trusted registered
[    2.261042] Key type encrypted registered
[    2.263289] AppArmor: AppArmor sha1 policy hashing enabled
[    2.264519] ima: No TPM chip found, activating TPM-bypass!
[    2.266130] ima: Allocated hash algorithm: sha1
[    2.270826] evm: HMAC attrs: 0x1
[    2.272656]   Magic number: 10:445:123
[    2.274552] acpi LNXSYBUS:01: hash matches
[    2.279542] rtc_cmos rtc_cmos: setting system clock to 2026-01-18 10:08:41 UTC (1768730921)
[    2.283146] BIOS EDD facility v0.16 2004-Jun-25, 0 devices found
[    2.286261] EDD information not available.
[    2.309361] Freeing unused kernel memory: 1492K
[    2.326444] Write protecting the kernel read-only data: 14336k
[    2.330742] Freeing unused kernel memory: 1584K
[    2.334455] Freeing unused kernel memory: 52K
Loading, please wait...
starting version 229
[    2.355019] random: systemd-udevd: uninitialized urandom read (16 bytes read, 3 bits of entropy available)
[    2.356043] random: udevadm: uninitialized urandom read (16 bytes read, 3 bits of entropy available)
[    2.356076] random: udevadm: uninitialized urandom read (16 bytes read, 3 bits of entropy available)
[    2.368758] random: udevadm: uninitialized urandom read (16 bytes read, 3 bits of entropy available)
[    2.368825] random: udevadm: uninitialized urandom read (16 bytes read, 3 bits of entropy available)
[    2.369014] random: udevadm: uninitialized urandom read (16 bytes read, 3 bits of entropy available)
[    2.369110] random: udevadm: uninitialized urandom read (16 bytes read, 3 bits of entropy available)
[    2.369184] random: udevadm: uninitialized urandom read (16 bytes read, 3 bits of entropy available)
[    2.369254] random: udevadm: uninitialized urandom read (16 bytes read, 3 bits of entropy available)
[    2.369318] random: udevadm: uninitialized urandom read (16 bytes read, 3 bits of entropy available)
[    2.493027] e1000: Intel(R) PRO/1000 Network Driver - version 7.3.21-k8-NAPI
[    2.497486] e1000: Copyright (c) 1999-2006 Intel Corporation.
[    2.501354] Fusion MPT base driver 3.04.20
[    2.502589] Copyright (c) 1999-2008 LSI Corporation
[    2.513200] Fusion MPT SPI Host driver 3.04.20
[    2.543573] AVX2 version of gcm_enc/dec engaged.
[    2.556420] AES CTR mode by8 optimization enabled
[    2.725778] input: ImExPS/2 Generic Explorer Mouse as /devices/platform/i8042/serio1/input/input4
[    2.919172] e1000 0000:00:03.0 eth0: (PCI:33MHz:32-bit) 02:be:82:6b:cc:1d
[    2.924406] e1000 0000:00:03.0 eth0: Intel(R) PRO/1000 Network Connection
[    3.514830] e1000 0000:00:08.0 eth1: (PCI:33MHz:32-bit) 08:00:27:f1:c3:d2
[    3.516524] e1000 0000:00:08.0 eth1: Intel(R) PRO/1000 Network Connection
[    3.521565] e1000 0000:00:08.0 enp0s8: renamed from eth1
[    3.536345] mptbase: ioc0: Initiating bringup
[    3.546859] e1000 0000:00:03.0 enp0s3: renamed from eth0
[    3.606664] ioc0: LSI53C1030 A0: Capabilities={Initiator}
[    3.773437] scsi host2: ioc0: LSI53C1030 A0, FwRev=00000000h, Ports=1, MaxQ=256, IRQ=20
[    3.891904] scsi 2:0:0:0: Direct-Access     VBOX     HARDDISK         1.0  PQ: 0 ANSI: 5
[    3.899304] scsi target2:0:0: Beginning Domain Validation
[    3.905839] scsi target2:0:0: Domain Validation skipping write tests
[    3.907337] scsi target2:0:0: Ending Domain Validation
[    3.912159] scsi target2:0:0: asynchronous
[    3.920364] scsi 2:0:1:0: Direct-Access     VBOX     HARDDISK         1.0  PQ: 0 ANSI: 5
[    3.927800] scsi target2:0:1: Beginning Domain Validation
[    3.933149] scsi target2:0:1: Domain Validation skipping write tests
[    3.934466] scsi target2:0:1: Ending Domain Validation
[    3.936511] scsi target2:0:1: asynchronous
[    3.953256] sd 2:0:0:0: Attached scsi generic sg0 type 0
[    3.953973] sd 2:0:0:0: [sda] 83886080 512-byte logical blocks: (42.9 GB/40.0 GiB)
[    3.955390] sd 2:0:0:0: [sda] Write Protect is off
[    3.955493] sd 2:0:0:0: [sda] Incomplete mode parameter data
[    3.955495] sd 2:0:0:0: [sda] Assuming drive cache: write through
[    3.965855]  sda: sda1
[    3.969946] sd 2:0:0:0: [sda] Attached SCSI disk
[    3.981244] sd 2:0:1:0: Attached scsi generic sg1 type 0
[    3.982282] sd 2:0:1:0: [sdb] 20480 512-byte logical blocks: (10.5 MB/10.0 MiB)
[    3.982581] sd 2:0:1:0: [sdb] Write Protect is off
[    3.982916] sd 2:0:1:0: [sdb] Incomplete mode parameter data
[    3.982917] sd 2:0:1:0: [sdb] Assuming drive cache: write through
[    3.990973] sd 2:0:1:0: [sdb] Attached SCSI disk
Begin: Loading essential drivers ... [    5.406892] md: linear personality registered for level -1
[    5.415532] md: multipath personality registered for level -4
[    5.427266] md: raid0 personality registered for level 0
[    5.433272] md: raid1 personality registered for level 1
[    5.506627] raid6: sse2x1   gen()  5706 MB/s
[    5.582472] raid6: sse2x1   xor()  3927 MB/s
[    5.650516] raid6: sse2x2   gen()  7559 MB/s
[    5.730434] raid6: sse2x2   xor()  6042 MB/s
[    5.799217] raid6: sse2x4   gen() 10206 MB/s
[    5.878334] raid6: sse2x4   xor()  9340 MB/s
[    5.957169] raid6: avx2x1   gen() 16156 MB/s
[    6.034243] raid6: avx2x2   gen() 20951 MB/s
[    6.121230] raid6: avx2x4   gen() 21931 MB/s
[    6.124967] raid6: using algorithm avx2x4 gen() 21931 MB/s
[    6.132700] raid6: using avx2x2 recovery algorithm
[    6.141530] xor: automatically using best checksumming function:
[    6.182405]    avx       : 23073.000 MB/sec
[    6.186019] async_tx: api initialized (async)
[    6.200442] md: raid6 personality registered for level 6
[    6.209148] md: raid5 personality registered for level 5
[    6.216924] md: raid4 personality registered for level 4
[    6.233235] md: raid10 personality registered for level 10
done.
Begin: Running /scripts/init-premount ... done.
Begin: Mounting root file system ... Begin: Running /scripts/local-top ... done.
Begin: Running /scripts/local-premount ... [    6.280020] Btrfs loaded
Scanning for Btrfs filesystems
done.
Warning: fsck not present, so skipping root file system
[    6.329642] EXT4-fs (sda1): mounted filesystem with ordered data mode. Opts: (null)
done.
Begin: Running /scripts/local-bottom ... done.
Begin: Running /scripts/init-bottom ... done.
[    6.500501] systemd[1]: systemd 229 running in system mode. (+PAM +AUDIT +SELINUX +IMA +APPARMOR +SMACK +SYSVINIT +UTMP +LIBCRYPTSETUP +GCRYPT +GNUTLS +ACL +XZ -LZ4 +SECCOMP +BLKID +ELFUTILS +KMOD -IDN)
[    6.507394] systemd[1]: Detected virtualization oracle.
[    6.510939] systemd[1]: Detected architecture x86-64.

Welcome to [1mUbuntu 16.04.7 LTS[0m!

[    6.527133] systemd[1]: Set hostname to <ubuntu>.
[    6.532246] systemd[1]: Initializing machine ID from random generator.
[    6.533869] systemd[1]: Installed transient /etc/machine-id file.
[    6.791094] systemd[1]: Listening on LVM2 metadata daemon socket.
[[0;32m  OK  [0m] Listening on LVM2 metadata daemon socket.
[    6.798519] systemd[1]: Reached target User and Group Name Lookups.
[[0;32m  OK  [0m] Reached target User and Group Name Lookups.
[    6.807390] systemd[1]: Listening on Journal Socket.
[[0;32m  OK  [0m] Listening on Journal Socket.
[    6.817316] systemd[1]: Created slice System Slice.
[[0;32m  OK  [0m] Created slice System Slice.
[    6.838590] systemd[1]: Mounting POSIX Message Queue File System...
         Mounting POSIX Message Queue File System...
[    6.847354] systemd[1]: Mounting Debug File System...
         Mounting Debug File System...
[    6.862861] systemd[1]: Listening on Journal Audit Socket.
[[0;32m  OK  [0m] Listening on Journal Audit Socket.
[    6.868498] systemd[1]: Started Trigger resolvconf update for networkd DNS.
[[0;32m  OK  [0m] Started Trigger resolvconf update for networkd DNS.
[    6.886721] systemd[1]: Mounting Huge Pages File System...
         Mounting Huge Pages File System...
[    6.902731] systemd[1]: Reached target Encrypted Volumes.
[[0;32m  OK  [0m] Reached target Encrypted Volumes.
[    6.910646] systemd[1]: Listening on udev Control Socket.
[[0;32m  OK  [0m] Listening on udev Control Socket.
[    6.930774] systemd[1]: Starting Create list of required static device nodes for the current kernel...
         Starting Create list of required st... nodes for the current kernel...
[    6.945416] systemd[1]: Created slice system-serial\x2dgetty.slice.
[[0;32m  OK  [0m] Created slice system-serial\x2dgetty.slice.
[    6.954844] systemd[1]: Starting Uncomplicated firewall...
         Starting Uncomplicated firewall...
[    6.963358] systemd[1]: Starting Load Kernel Modules...
         Starting Load Kernel Modules...
[    6.968746] systemd[1]: Created slice User and Session Slice.
[[0;32m  OK  [0m] Created slice User and Session Slice.
[    6.977220] systemd[1]: Reached target Swap.
[[0;32m  OK  [0m] Reached target Swap.
[    6.987302] Loading iSCSI transport class v2.0-870.
[    6.995436] systemd[1]: Listening on /dev/initctl Compatibility Named Pipe.
[[0;32m  OK  [0m] Listening on /dev/initctl Compatibility Named Pipe.
[    7.006644] systemd[1]: Listening on LVM2 poll daemon socket.
[[0;32m  OK  [0m] Listening on LVM2 poll daemon socket.
[    7.014557] systemd[1]: Listening on fsck to fsckd communication Socket.
[    7.026482] iscsi: registered transport (tcp)
[[0;32m  OK  [0m] Listening on fsck to fsckd communication Socket.
[    7.050641] systemd[1]: Starting File System Check on Root Device...
         Starting File System Check on Root Device...
[    7.059598] systemd[1]: Starting Set console keymap...
         Starting Set console keymap...
[    7.087828] systemd[1]: Listening on udev Kernel Socket.
[[0;32m  OK  [0m] Listening on udev Kernel Socket.
[    7.097775] iscsi: registered transport (iser)
[    7.104499] systemd[1]: Set up automount Arbitrary Executable File Formats File System Automount Point.
[[0;32m  OK  [0m] Set up automount Arbitrary Executab...ats File System Automount Point.
[    7.115962] systemd[1]: Reached target System Time Synchronized.
[[0;32m  OK  [0m] Reached target System Time Synchronized.
[    7.126611] systemd[1]: Listening on Device-mapper event daemon FIFOs.
[[0;32m  OK  [0m] Listening on Device-mapper event daemon FIFOs.
[    7.170718] systemd[1]: Starting Monitoring of LVM2 mirrors, snapshots etc. using dmeventd or progress polling...
         Starting Monitoring of LVM2 mirrors... dmeventd or progress polling...
[    7.183030] systemd[1]: Listening on Journal Socket (/dev/log).
[[0;32m  OK  [0m] Listening on Journal Socket (/dev/log).
[    7.194749] systemd[1]: Listening on Syslog Socket.
[[0;32m  OK  [0m] Listening on Syslog Socket.
[    7.207457] systemd[1]: Starting Journal Service...
         Starting Journal Service...
[    7.216818] systemd[1]: Reached target Slices.
[[0;32m  OK  [0m] Reached target Slices.
[    7.250620] systemd[1]: Starting Nameserver information manager...
         Starting Nameserver information manager...
[    7.264238] systemd[1]: Started Forward Password Requests to Wall Directory Watch.
[[0;32m  OK  [0m] Started Forward Password Requests to Wall Directory Watch.
[    7.274978] systemd[1]: Mounted Huge Pages File System.
[[0;32m  OK  [0m] Mounted Huge Pages File System.
[    7.276977] systemd[1]: Mounted POSIX Message Queue File System.
[[0;32m  OK  [0m] Mounted POSIX Message Queue File System.
[    7.286620] systemd[1]: Mounted Debug File System.
[[0;32m  OK  [0m] Mounted Debug File System.
[    7.296345] systemd[1]: Started Journal Service.
[[0;32m  OK  [0m] Started Journal Service.
[[0;32m  OK  [0m] Started Create list of required sta...ce nodes for the current kernel.
[[0;32m  OK  [0m] Started Uncomplicated firewall.
[[0;32m  OK  [0m] Started Load Kernel Modules.
[[0;32m  OK  [0m] Started File System Check on Root Device.
[[0;32m  OK  [0m] Started Set console keymap.
[[0;32m  OK  [0m] Started File System Check Daemon to report status.
[[0;32m  OK  [0m] Started LVM2 metadata daemon.
         Starting Remount Root and Kernel File Systems...
         Starting Apply Kernel Variables...
         Mountin[    7.383737] EXT4-fs (sda1): re-mounted. Opts: (null)
g FUSE Control File System...
         Starting Create Static Device Nodes in /dev...
[[0;32m  OK  [0m] Mounted FUSE Control File System.
[[0;32m  OK  [0m] Started Nameserver information manager.
[[0;32m  OK  [0m] Started Remount Root and Kernel File Systems.
[[0;32m  OK  [0m] Started Apply Kernel Variables.
         Starting Flush Journal to Persistent Storage...
         Starting udev Coldplug all Devices...
         Starting Load/Save Random Seed...
[[0;32m  OK  [0m] Started Load/Save Random Seed.
[[0;32m  OK  [0m] Started Flush Journal to Persistent Storage.
[[0;32m  OK  [0m] Started Monitoring of LVM2 mirrors,...ng dmeventd or progress polling.
[[0;32m  OK  [0m] Started Create Static Device Nodes in /dev.
         Starting udev Kernel Device Manager...
[[0;32m  OK  [0m] Reached target Local File Systems (Pre).
[[0;32m  OK  [0m] Reached target Local File Systems.
         Starting Set console font and keymap...
         Starting LSB: AppArmor initialization...
         Starting Commit a transient machine-id on disk...
         Starting Initial cloud-init job (pre-networking)...
         Starting Tell Plymouth To Write Out Runtime Data...
         Starting Create Volatile Files and Directories...
[[0;32m  OK  [0m] Started udev Coldplug all Devices.
[[0;32m  OK  [0m] Started Tell Plymouth To Write Out Runtime Data.
[[0;32m  OK  [0m] Started udev Kernel Device Manager.
[[0;32m  OK  [0m] Started Dispatch Password Requests to Console Directory Watch.
[[0;32m  OK  [0m] Started Commit a transient machine-id on disk.
[[0;32m  OK  [0m] Started Create Volatile Files and Directories.
         Starting Update UTMP about System Boot/Shutdown...
[[0;32m  OK  [0m] Started Update UTMP about System Boot/Shutdown.
[[0;32m  OK  [0m] Found device /dev/ttyS0.
[[0;32m  OK  [0m] Started Set console font and keymap.
[[0;32m  OK  [0m] Created slice system-getty.slice.
[[0;32m  OK  [0m] Listening on Load/Save RF Kill Switch Status /dev/rfkill Watch.
[[0;32m  OK  [0m] Started LSB: AppArmor initialization.
         Starting Load AppArmor profiles managed internally by snapd...
[[0;32m  OK  [0m] Started Load AppArmor profiles managed internally by snapd.
[    9.435409] cloud-init[479]: Cloud-init v. 21.1-19-gbad84ad4-0ubuntu1~16.04.2 running 'init-local' at Sun, 18 Jan 2026 10:08:48 +0000. Up 8.61 seconds.
[[0;32m  OK  [0m] Started Initial cloud-init job (pre-networking).
[[0;32m  OK  [0m] Reached target Network (Pre).
         Starting Raise network interfaces...
[[0;32m  OK  [0m] Started Raise network interfaces.
         Starting Initial cloud-init job (metadata service crawler)...
[[0;32m  OK  [0m] Reached target Network.
[   11.257104] cloud-init[958]: Cloud-init v. 21.1-19-gbad84ad4-0ubuntu1~16.04.2 running 'init' at Sun, 18 Jan 2026 10:08:50 +0000. Up 10.49 seconds.
[   11.282338] cloud-init[958]: ci-info: ++++++++++++++++++++++++++++++++++++++Net device info+++++++++++++++++++++++++++++++++++++++
[   11.295696] cloud-init[958]: ci-info: +--------+-------+----------------------------+---------------+--------+-------------------+
[   11.305063] cloud-init[958]: ci-info: | Device |   Up  |          Address           |      Mask     | Scope  |     Hw-Address    |
[   11.318287] cloud-init[958]: ci-info: +--------+-------+----------------------------+---------------+--------+-------------------+
[   11.332524] cloud-init[958]: ci-info: | enp0s3 |  True |         10.0.2.15          | 255.255.255.0 | global | 02:be:82:6b:cc:1d |
[   11.344462] cloud-init[958]: ci-info: | enp0s3 |  True | fe80::be:82ff:fe6b:cc1d/64 |       .       |  link  | 02:be:82:6b:cc:1d |
[   11.346563] cloud-init[958]: ci-info: | enp0s8 | False |             .              |       .       |   .    | 08:00:27:f1:c3:d2 |
[   11.357990] cloud-init[958]: ci-info: |   lo   |  True |         127.0.0.1          |   255.0.0.0   |  host  |         .         |
[   11.367837] cloud-init[958]: ci-info: |   lo   |  True |          ::1/128           |       .       |  host  |         .         |
[   11.371316] cloud-init[958]: ci-info: +--------+-------+----------------------------+---------------+--------+-------------------+
[   11.374940] cloud-init[958]: ci-info: +++++++++++++++++++++++++++Route IPv4 info++++++++++++++++++++++++++++
[   11.381104] cloud-init[958]: ci-info: +-------+-------------+----------+---------------+-----------+-------+
[   11.386024] cloud-init[958]: ci-info: | Route | Destination | Gateway  |    Genmask    | Interface | Flags |
[   11.390233] cloud-init[958]: ci-info: +-------+-------------+----------+---------------+-----------+-------+
[   11.394412] cloud-init[958]: ci-info: |   0   |   0.0.0.0   | 10.0.2.2 |    0.0.0.0    |   enp0s3  |   UG  |
[   11.400449] cloud-init[958]: ci-info: |   1   |   10.0.2.0  | 0.0.0.0  | 255.255.255.0 |   enp0s3  |   U   |
[[0;32m  OK  [0m] Started Initial cloud-init job (metadata service crawler).
[   11.400600] [cloud-init[0;32m  OK  [0m[958]: ] ci-info: +-------+-------------+----------+---------------+-----------+-------+Reached target System Initialization.

[   11.410884] cloud-init[958]: ci-info: +++++++++++++++++++Route IPv6 info+++++++++++++++++++
[   11.414609] cloud-init[958]: ci-info: +-------+-------------+---------+-----------+-------+
[   11.428330] cloud-init[958]: ci-info: | Route | Destination | Gateway | Interface | Flags |
[   11.428495] cloud-init[958]: ci-info: +-------+-------------+---------+-----------+-------+
[   11.429188] cloud-init[958]: ci-info: |   0   |  fe80::/64  |    ::   |   enp0s3  |   U   |
[[0;32m  OK  [0m] Listening on D-Bus System Message Bus Socket.
[   11.429622] cloud-init[958]: ci-info: |   3   |   ff00::/8  |    ::   |   enp0s3  |   U   |
[   11.450783] cloud-init[958]: ci-info: +-------+-------------+---------+-----------+-------+
[[0;32m  OK  [0m] Started Daily apt download activities.
[   11.454759] cloud-init[958]: Generating public/private rsa key pair.
[   11.466412] cloud-init[958]: Your identification has been saved in /etc/ssh/ssh_host_rsa_key.
[   11.466589] cloud-init[958]: Your public key has been saved in /etc/ssh/ssh_host_rsa_key.pub.
         Starting LXD - unix socket.
[[0;32m  OK  [0m[   11.466710] ] cloud-initStarted Ubuntu Advantage update messaging.[958]: 
The key fingerprint is:
[   11.476356] cloud-init[958]: SHA256:BMrZUsYapciS7Yt+UzbpcBx/88UCcePfEL06CMLx9vQ root@ubuntu-xenial
[[0;32m  OK  [0m] Listening on ACPID Listen Socket.
[   11.476973] cloud-init[958]: The key's randomart image is:
[   11.483843] cloud-init[958]: +---[RSA 2048]----+
[   11.485345] cloud-init[958]: |     o=       .  |
[   11.492361] cloud-init[958]: | + o.B.o . o . . |
[   11.492841] cloud-init[958]: |o + *oo + + . . .|
[[0;32m  OK  [0m] Started ACPI Events Check.
[[0;32m  OK  [0m] Reached target Paths.
[[   11.493121] [0;32m  OK  [0mcloud-init] [958]: Listening on UUID daemon activation socket.| o  .o + = o . . |

[   11.509348] cloud-init[958]: |  . . + S = = +  |
[[0;32m  OK  [0m] Started Message of the Day.
[[0;32m  OK  [0m] Started Daily apt upgrade and clean activities.
[[0;32m  OK  [0m] Started Daily Cleanup of Temporary Directories.
[   11.509514] cloud-init[958]: | . o B . o + E . |
[[0;32m  OK  [0m] Reached target Timers.
[   11.514882] cloud-init[958]: |. . * . . o o .  |
[   11.516937] cloud-init[958]: |.  o .     .     |
[   11.517225] cloud-init[958]: | .. .            |
[   11.518317] cloud-init[958]: +----[SHA256]-----+
[   11.520236] cloud-init[958]: Generating public/private dsa key pair.
[   11.521316] cloud-init[958]: Your identification has been saved in /etc/ssh/ssh_host_dsa_key.
         Starting Socket activation for snappy daemon.
[   11.522444] cloud-init[958]: Your public key has been saved in /etc/ssh/ssh_host_dsa_key.pub.
[   11.528860] cloud-init[958]: The key fingerprint is:
[   11.532141] cloud-init[958]: SHA256:0vOPzso7Bwk7V9/tONURA5EhjB5tECzco89qUYsW7Xc root@ubuntu-xenial
[   11.534387] cloud-init[958]: The key's randomart image is:
[   11.534573] cloud-init[958]: +---[DSA 1024]----+
[[0;32m  OK  [0m] Reached target Cloud-config availability.
[[   11.534666] [0;32m  OK  [0mcloud-init] [958]: Reached target Network is Online.|      . oo*. +=  |

[   11.545407] cloud-init[958]: |       o * +.. o |
[   11.546016] cloud-init[958]: |        = +     o|
[   11.547251] cloud-init[958]: |      .+ +.    . |
[   11.549028] cloud-init[958]: |      .oSo.. . .o|
[   11.550329] cloud-init[958]: |      o=+B ..E. +|
[   11.556738] cloud-init[958]: |      .oo.o .  + |
         Starting iSCSI initiator daemon (iscsid)...
[[0;32m  OK  [0m] Listening on LXD - unix socket.
[[0;32m  OK  [0m] Listening on Socket activation for snappy daemon.
[[0;32m  OK  [0m] Reached target Sockets.
[   11.556932] [[0;32m  OK  [0m] Reached target Basic System.
cloud-init[958]: |       +...o  o .|
[   11.580347] cloud-init[958]: |      . +*+ .  . |
[   11.580919] cloud-init[958]: +----[SHA256]-----+
[   11.581937] cloud-init[958]: Generating public/private ecdsa key pair.
[   11.582795] cloud-init[958]: Your identification has been saved in /etc/ssh/ssh_host_ecdsa_key.
[   11.584083] [cloud-init[0;32m  OK  [0m[958]: ] Your public key has been saved in /etc/ssh/ssh_host_ecdsa_key.pub.Started ACPI event daemon.

         Starting Accounts Service...
[   11.584381] cloud-init[958]: The key fingerprint is:
[   11.596129] cloud-init[958]: SHA256:6R5OP3K2CvMOIA5YeWgcVoYvR9jh+B8mb6UY3kBJ/3o root@ubuntu-xenial
         Starting Pollinate to seed the pseudo random number generator...
         Starting System Logging Service...
[   11.603459] cloud-init[958]: The key's randomart image is:
[   11.614919] cloud-init[958]: +---[ECDSA 256]---+
[   11.615845] cloud-init[958]: |  o==.           |
[   11.626921] cloud-init[958]: | ooOoo           |
         Starting LSB: MD monitoring daemon...
[   11.627283] cloud-init[958]: |  Bo= .          |
[   11.632398] [[0;32m  OK  [0m] Started Regular background program processing daemon.
[[0;32m  OK  [0m] Started FUSE filesystem for LXC.
cloud-init[958]: |.o.+o  . .       |
[   11.637017] cloud-init[958]: |o .o* o S        |
         Starting Virtualbox guest utils...
         Starting Login Service...
[[0;32m  OK  [0m] Started Deferred execution scheduler.
         Starting /etc/rc.local Compatibility...
         Starting Snap Daemon...
[[0;32m  OK  [0m] Started D-Bus System Message Bus.
[   11.641611] cloud-init[958]: | o o @ *         |
[   11.663887] cloud-init[958]: |  . o @ E        |
[   11.675099] cloud-init[958]: |     . X.o+      |
[   11.677513] cloud-init[958]: |       .*=oo     |
[   11.678565] cloud-init[958]: +----[SHA256]-----+
[   11.680956] cloud-init[958]: Generating public/private ed25519 key pair.
[   11.682380] cloud-init[958]: Your identification has been saved in /etc/ssh/ssh_host_ed25519_key.
[   11.685999] cloud-init[958]: Your public key has been saved in /etc/ssh/ssh_host_ed25519_key.pub.
[   11.692288] cloud-init[958]: The key fingerprint is:
[   11.693532] cloud-init[958]: SHA256:tR+3cnrtbtpn2D4Hfv5GkH4Y7SZi1bcZW2Wce1FlaQo root@ubuntu-xenial
[   11.694876] cloud-init[958]: The key's randomart image is:
[   11.696450] cloud-init[958]: +--[ED25519 256]--+
[   11.697430] cloud-init[958]: |               .O|
[   11.699028] cloud-init[958]: |           E   *+|
[   11.710230] cloud-init[958]: |          . . o=+|
[   11.715408] cloud-init[958]: |         . . .=o*|
[   11.720972] cloud-init[958]: |        S . .o.=O|
[   11.728308] cloud-init[958]: |           .oo===|
[   11.729370] cloud-init[958]: |           .oooX |
[   11.740587] cloud-init[958]: |             ++oX|
[   11.742664] cloud-init[958]: |            ...@%|
[   11.745260] cloud-init[958]: +----[SHA256]-----+
         Starting LSB: Record successful boot for GRUB...
         Starting LXD - container startup/shutdown...
[[0;32m  OK  [0m] Started System Logging Service.
[[0;32m  OK  [0m] Started /etc/rc.local Compatibility.
[[0;32m  OK  [0m] Started iSCSI initiator daemon (iscsid).
[[0;32m  OK  [0m] Started Login Service.
[[0;32m  OK  [0m] Started Unattended Upgrades Shutdown.
         Starting Authenticate and Authorize Users to Run Privileged Tasks...
         Starting Login to default iSCSI targets...
[[0;32m  OK  [0m] Started LSB: Record successful boot for GRUB.
[[0;32m  OK  [0m] Started LSB: MD monitoring daemon.
[[0;32m  OK  [0m] Started Login to default iSCSI targets.
[[0;32m  OK  [0m] Reached target Remote File Systems (Pre).
[[0;32m  OK  [0m] Reached target Remote File Systems.
         Starting Permit User Sessions...
         Starting LSB: automatic crash report generation...
         Starting LSB: daemon to balance interrupts for SMP systems...
         Starting LSB: Set the CPU Frequency Scaling governor to "ondemand"...
[[0;32m  OK  [0m] Started Permit User Sessions.
         Starting Terminate Plymouth Boot Screen...
         Starting Hold until boot process finishes up...
[[0;32m  OK  [0m] Started Authenticate and Authorize Users to Run Privileged Tasks.
[[0;32m  OK  [0m] Started Hold until boot process finishes up.
[[0;32m  OK  [0m] Started Terminate Plymouth Boot Screen.
[[0;32m  OK  [0m] Started Accounts Service.
[[0;32m  OK  [0m] Started Getty on tty1.
[[0;32m  OK  [0m] Started Serial Getty on ttyS0.
[[0;32m  OK  [0m] Reached target Login Prompts.
         Starting Set console scheme...
[[0;32m  OK  [0m] Started Virtualbox guest utils.
[[0;32m  OK  [0m] Started LSB: daemon to balance interrupts for SMP systems.
[[0;32m  OK  [0m] Started LSB: Set the CPU Frequency Scaling governor to "ondemand".
[[0;32m  OK  [0m] Started Set console scheme.
[[0;32m  OK  [0m] Started LSB: automatic crash report generation.
[[0;32m  OK  [0m] Started LXD - container startup/shutdown.
[[0;32m  OK  [0m] Started Pollinate to seed the pseudo random number generator.
         Starting OpenBSD Secure Shell server...
[[0;32m  OK  [0m] Started Snap Daemon.
         Starting Wait until snapd is fully seeded...
[[0;32m  OK  [0m] Started OpenBSD Secure Shell server.
[[0;32m  OK  [0m] Created slice User Slice of vagrant.
         Starting User Manager for UID 1000...
[[0;32m  OK  [0m] Started Session 1 of user vagrant.
[[0;32m  OK  [0m] Started User Manager for UID 1000.
[[0;32m  OK  [0m] Started Wait until snapd is fully seeded.
         Starting Apply the settings specified in cloud-config...
[[0;32m  OK  [0m] Reached target Multi-User System.
[[0;32m  OK  [0m] Reached target Graphical Interface.
         Starting Update UTMP about System Runlevel Changes...
[[0;32m  OK  [0m] Started Update UTMP about System Runlevel Changes.
[   15.962036] cloud-init[1415]: Generating locales (this might take a while)...
[   17.207088] cloud-init[1415]:   en_US.UTF-8... done
[   17.207354] cloud-init[1415]: Generation complete.
[   17.704301] cloud-init[1415]: Cloud-init v. 21.1-19-gbad84ad4-0ubuntu1~16.04.2 running 'modules:config' at Sun, 18 Jan 2026 10:08:55 +0000. Up 15.81 seconds.

Ubuntu 16.04.7 LTS ubuntu-xenial ttyS0

ubuntu-xenial login: ci-info: no authorized SSH keys fingerprints found for user ubuntu.
<14>Jan 18 10:08:58 ec2: 
<14>Jan 18 10:08:58 ec2: #############################################################
<14>Jan 18 10:08:58 ec2: -----BEGIN SSH HOST KEY FINGERPRINTS-----
<14>Jan 18 10:08:58 ec2: 1024 SHA256:0vOPzso7Bwk7V9/tONURA5EhjB5tECzco89qUYsW7Xc root@ubuntu-xenial (DSA)
<14>Jan 18 10:08:58 ec2: 256 SHA256:6R5OP3K2CvMOIA5YeWgcVoYvR9jh+B8mb6UY3kBJ/3o root@ubuntu-xenial (ECDSA)
<14>Jan 18 10:08:58 ec2: 256 SHA256:tR+3cnrtbtpn2D4Hfv5GkH4Y7SZi1bcZW2Wce1FlaQo root@ubuntu-xenial (ED25519)
<14>Jan 18 10:08:58 ec2: 2048 SHA256:BMrZUsYapciS7Yt+UzbpcBx/88UCcePfEL06CMLx9vQ root@ubuntu-xenial (RSA)
<14>Jan 18 10:08:58 ec2: -----END SSH HOST KEY FINGERPRINTS-----
<14>Jan 18 10:08:58 ec2: #############################################################
-----BEGIN SSH HOST KEY KEYS-----
ecdsa-sha2-nistp256 AAAAE2VjZHNhLXNoYTItbmlzdHAyNTYAAAAIbmlzdHAyNTYAAABBBLM/0Mj9woQxhBfxbxoJoleSUoE35mRzoqNKVfIb1EPWjKeFaqwXdmDPffUQQ07Ce+M0xKY++IzsT/fg8c6x8Z0= root@ubuntu-xenial
ssh-ed25519 AAAAC3NzaC1lZDI1NTE5AAAAIPeh/uQaBONHbT9U6E1C36V06mbfwUeseJqVabUsuqP3 root@ubuntu-xenial
ssh-rsa AAAAB3NzaC1yc2EAAAADAQABAAABAQCuWUzwqotQmKM8wDcWUmuA2eCFxHnaPoUxzxjAgOGALFEFLu/8xjG50iBnO2GXEDzjQnFj01gGBj+gbyyS/p75KG86dtE0VzG08n4UpIj8NCDOLPNqjx9drUZ8Bo2RMV0tIsb8TM8CfE0yg+YIzHDVLo3/zSfpe/+VTOoKVNVdFV5pjFhd7x4KuTgS21Zzr+85wFv7Bn3MSZFuS/rlHufYDr9csxIx57CIicH9XxBoRp9wv4Qy3lhMtraWLtnCSRkY0UsFeCtt2f+lQZctG14afR7jYQOmHM17d4u7CLx4JOLDghPogrmmKa4AtAAlWKLFQt8YybvtOSiQfb0bt6JP root@ubuntu-xenial
-----END SSH HOST KEY KEYS-----
[   18.682556] cloud-init[1585]: Cloud-init v. 21.1-19-gbad84ad4-0ubuntu1~16.04.2 running 'modules:final' at Sun, 18 Jan 2026 10:08:58 +0000. Up 18.26 seconds.
[   18.682781] cloud-init[1585]: ci-info: no authorized SSH keys fingerprints found for user ubuntu.
[   18.682934] cloud-init[1585]: Cloud-init v. 21.1-19-gbad84ad4-0ubuntu1~16.04.2 finished at Sun, 18 Jan 2026 10:08:58 +0000. Datasource DataSourceNoCloud [seed=/dev/sdb][dsmode=net].  Up 18.67 seconds
